// Jest Snapshot v1, https://goo.gl/fbAQLP

exports[`should render the RelatedItems component 1`] = `
<DocumentFragment>
  <div />
</DocumentFragment>
`;
